[backblue.gif]
[fade.gif]
[index.html]
[nft.blvck.icu/favicon.ico]
[nft.blvck.icu/assets/index.4ef2f715.js]
[nft.blvck.icu/images/blvck_logo_white@2x.png]
[nft.blvck.icu/images/unreveal@2x.jpg]
[nft.blvck.icu/images/traits_character_3.png]
[nft.blvck.icu/images/traits_outfit.png]
[nft.blvck.icu/images/traits_league.png]
[nft.blvck.icu/images/traits_tattoo.png]
[nft.blvck.icu/images/traits_haircut.png]
[nft.blvck.icu/images/traits_more.png]
[nft.blvck.icu/images/featured_forbes.png]
[nft.blvck.icu/images/featured_hypebeast.png]
[nft.blvck.icu/images/featured_decentraland.png]
[nft.blvck.icu/images/featured_entrepreneur.png]
[nft.blvck.icu/images/featured_vogue.png]
[nft.blvck.icu/images/featured_makersplace.png]
[nft.blvck.icu/images/profile_picture.jpg]
[nft.blvck.icu/images/social_instagram.png]
[nft.blvck.icu/images/social_mp.png]
[nft.blvck.icu/images/logo_coinsilium@2x.png]
[nft.blvck.icu/images/blvck_x_horagames.png]
[nft.blvck.icu/images/logo_blvck.png]
[nft.blvck.icu/images/social_twitter.png]
[nft.blvck.icu/images/social_opensea.png]
[nft.blvck.icu/js/jquery.min.js]
[nft.blvck.icu/js/bootstrap.min.js]
[nft.blvck.icu/js/eb3551e939.js]
[nft.blvck.icu/js/asli.js]
[nft.blvck.icu/js/polymer.js]
[nft.blvck.icu/index.html]
[nft.blvck.icu/images/horagames_character.jpg]
[nft.blvck.icu/images/astronaut.png]
[nft.blvck.icu/images/roadmap_circle.png]
[nft.blvck.icu/images/icon_arrow_left.png]
[nft.blvck.icu/images/icon_arrow_right.png]
[nft.blvck.icu/fonts/Gotham-Medium.otf]
[nft.blvck.icu/fonts/Gotham-Light.otf]
[nft.blvck.icu/fonts/Gotham-Book.otf]
[nft.blvck.icu/fonts/Gotham-Bold.otf]
[nft.blvck.icu/assets/index.64b769f6.css]
[nft.blvck.icu/gtag/js0bf1.html]
[nft.blvck.icu/css (1)/cover.css]
[nft.blvck.icu/css (1)/cover_mob.css]
[nft.blvck.icu/index_1.html]
[nft.blvck.icu/gtag/gtm.html]
[nft.blvck.icu/gtag/==c0664.html]
[nft.blvck.icu/gtag/=d)return.html]
[nft.blvck.icu/fonts/MBFMoonlander.woff2.html]
[nft.blvck.icu/fonts/MBFMoonlander.html]
[nft.blvck.icu/images/bkg.html]
[nft.blvck.icu/fonts/61dd45d43d2f9f125eb1c891_rectangleOne.html]
